// Jest Snapshot v1, https://goo.gl/fbAQLP

exports[`Button Component Tests matches the button component snapshot 1`] = `
<button
  className="width25 button"
  onClick=""
  style={
    Object {
      "backgroundColor": "orange",
    }
  }
  type="submit"
/>
`;
